
> agrawalpulse-frontend@0.1.0 test
> vitest run --run

node.exe : 9:00:26 PM [vite] warning: `esbuild` option was specified by "vite:react-babel" plugin. This option is 
deprecated, please use `oxc` instead.
At line:1 char:1
+ & "C:\Program Files\nodejs/node.exe" "C:\Program Files\nodejs/node_mo ...
+ ~~~~~~~~~~~~~~~~~~~~~~~~~~~~~~~~~~~~~~~~~~~~~~~~~~~~~~~~~~~~~~~~~~~~~
    + CategoryInfo          : NotSpecified: (9:00:26 PM [vit... `oxc` instead.:String) [], RemoteException
    + FullyQualifiedErrorId : NativeCommandError
 
9:00:26 PM [vite] warning: `optimizeDeps.esbuildOptions` option was specified by "vite:react-babel" plugin. This 
option is deprecated, please use `optimizeDeps.rolldownOptions` instead.
Both esbuild and oxc options were set. oxc options will be used and esbuild options will be ignored. The following 
esbuild options were set: `{ jsx: 'automatic', jsxImportSource: undefined }`

 RUN  v4.1.10 E:/Himanshu/Workspace/AgrawalPulse/frontend

(node:20408) Warning: `--localstorage-file` was provided without a valid path
(Use `node --trace-warnings ...` to show where the warning was created)
(node:12748) Warning: `--localstorage-file` was provided without a valid path
(Use `node --trace-warnings ...` to show where the warning was created)
(node:24028) Warning: `--localstorage-file` was provided without a valid path
(Use `node --trace-warnings ...` to show where the warning was created)
stderr | src/pages/families/registration/FamilyRegistrationWizardPage.test.tsx > FamilyRegistrationWizardPage > blocks 
advancing to the next step when required Basic Info fields are missing
⚠️ React Router Future Flag Warning: React Router will begin wrapping state updates in `React.startTransition` in v7. 
You can use the `v7_startTransition` future flag to opt-in early. For more information, see 
https://reactrouter.com/v6/upgrading/future#v7_starttransition.
⚠️ React Router Future Flag Warning: Relative route resolution within Splat routes is changing in v7. You can use the 
`v7_relativeSplatPath` future flag to opt-in early. For more information, see 
https://reactrouter.com/v6/upgrading/future#v7_relativesplatpath.

(node:24376) Warning: `--localstorage-file` was provided without a valid path
(Use `node --trace-warnings ...` to show where the warning was created)
 ❯ src/pages/families/registration/FamilyRegistrationWizardPage.test.tsx (3 tests | 3 failed) 8941ms
     × blocks advancing to the next step when required Basic Info fields are missing 2801ms
     × saves a draft to localStorage and restores it on the next mount 433ms
     × completes all 4 steps and navigates to member registration once the head is registered 5692ms

⎯⎯⎯⎯⎯⎯⎯ Failed Tests 3 ⎯⎯⎯⎯⎯⎯⎯

 FAIL  src/pages/families/registration/FamilyRegistrationWizardPage.test.tsx > FamilyRegistrationWizardPage > blocks 
advancing to the next step when required Basic Info fields are missing
TestingLibraryElementError: Found a label with the text of: /^First Name/i, however no form control was found 
associated to that label. Make sure you're using the "for" attribute or "aria-labelledby" attribute correctly.

Ignored nodes: comments, script, style
[36m<body>[39m
  [36m<div>[39m
    [36m<div[39m
      [33mclass[39m=[32m"MuiBox-root css-ok9oyw"[39m
    [36m>[39m
      [36m<div[39m
        [33mclass[39m=[32m"MuiBox-root css-y8412e"[39m
      [36m>[39m
        [36m<div[39m
          [33mclass[39m=[32m"MuiStack-root css-1irh47u-MuiStack-root"[39m
        [36m>[39m
          [36m<div[39m
            [33mclass[39m=[32m"MuiBox-root css-1ukuk2c"[39m
          [36m>[39m
            [0mA[0m
          [36m</div>[39m
          [36m<div[39m
            [33mclass[39m=[32m"MuiBox-root css-0"[39m
          [36m>[39m
            [36m<h5[39m
              [33mclass[39m=[32m"MuiTypography-root MuiTypography-h5 css-kwxs7k-MuiTypography-root"[39m
            [36m>[39m
              [0mAgrawalPulse[0m
            [36m</h5>[39m
            [36m<span[39m
              [33mclass[39m=[32m"MuiTypography-root MuiTypography-caption css-ddayen-MuiTypography-root"[39m
            [36m>[39m
              [0mcommon.communityPortal[0m
            [36m</span>[39m
          [36m</div>[39m
        [36m</div>[39m
      [36m</div>[39m
      [36m<div[39m
        [33mclass[39m=[32m"MuiBox-root css-kvhxa9"[39m
      [36m>[39m
        [36m<div[39m
          [33mclass[39m=[32m"MuiBox-root css-1yjvs5a"[39m
        [36m>[39m
          [36m<div[39m
            [33mclass[39m=[32m"MuiBox-root css-pcqfzb"[39m
          [36m>[39m
            [36m<span[39m
              [33mclass[39m=[32m"MuiTypography-root MuiTypography-caption css-14s5nfq-MuiTypography-root"[39m
            [36m>[39m
              [0mcommon.step[0m
              [0m [0m
              [0m1[0m
              [0m [0m
              [0mcommon.of[0m
              [0m [0m
              [0m4[0m
            [36m</span>[39m
            [36m<span[39m
              [33mclass[39m=[32m"MuiTypography-root MuiTypography-caption css-fp9wq2-MuiTypography-root"[39m
            [36m>[39m
              [0mBasic Information[0m
            [36m</span>[39m
          [36m</div>[39m
          [36m<div[39m
            [33mclass[39m=[32m"MuiBox-root css-onp8mn"[39m
          [36m>[39m
            [36m<div[39m
              [33mclass[39m=[32m"MuiBox-root css-ogw9tu"[39m
            [36m/>[39m
          [36m</div>[39m
        [36m</div>[39m
        [36m<div[39m
          [33mclass[39m=[32m"MuiStepper-root MuiStepper-horizontal MuiStepper-alternativeLabel 
css-si9qyj-MuiStepper-root"[39m
        [36m>[39m
          [36m<div[39m
            [33mclass[39m=[32m"MuiStep-root MuiStep-horizontal MuiStep-alternativeLabel 
css-13sjgu-MuiStep-root"[39m
          [36m>[39m
            [36m<span[39m
              [33mclass[39m=[32m"MuiStepLabel-root MuiStepLabel-horizontal MuiStepLabel-alternativeLabel 
css-ngr9j7-MuiStepLabel-root"[39m
            [36m>[39m
              [36m<span[39m
                [33mclass[39m=[32m"MuiStepLabel-iconContainer Mui-active MuiStepLabel-alternativeLabel 
css-1b2ju2j-MuiStepLabel-iconContainer"[39m
              [36m>[39m
                [36m<svg[39m
                  [33maria-hidden[39m=[32m"true"[39m
                  [33mclass[39m=[32m"MuiSvgIcon-root MuiSvgIcon-fontSizeMedium MuiStepIcon-root Mui-active 
css-3hpdci-MuiSvgIcon-root-MuiStepIcon-root"[39m
                  [33mfocusable[39m=[32m"false"[39m
                  [33mviewBox[39m=[32m"0 0 24 24"[39m
                [36m>[39m
                  [36m<circle[39m
                    [33mcx[39m=[32m"12"[39m
                    [33mcy[39m=[32m"12"[39m
                    [33mr[39m=[32m"12"[39m
                  [36m/>[39m
                  [36m<text[39m
                    [33mclass[39m=[32m"MuiStepIcon-text css-1g86afo-MuiStepIcon-text"[39m
                    [33mdominant-baseline[39m=[32m"central"[39m
                    [33mtext-anchor[39m=[32m"middle"[39m
                    [33mx[39m=[32m"12"[39m
                    [33my[39m=[32m"12"[39m
                  [36m>[39m
                    [0m1[0m
                  [36m</text>[39m
                [36m</svg>[39m
              [36m</span>[39m
              [36m<span[39m
                [33mclass[39m=[32m"MuiStepLabel-labelContainer MuiStepLabel-alternativeLabel 
css-p8xe3-MuiStepLabel-labelContainer"[39m
              [36m>[39m
                [36m<span[39m
                  [33mclass[39m=[32m"MuiStepLabel-label Mui-active MuiStepLabel-alternativeLabel 
css-12eb3rq-MuiStepLabel-label"[39m
                [36m>[39m
                  [0mBasic Information[0m
                [36m</span>[39m
              [36m</span>[39m
            [36m</span>[39m
          [36m</div>[39m
          [36m<div[39m
            [33mclass[39m=[32m"MuiStep-root MuiStep-horizontal MuiStep-alternativeLabel 
css-13sjgu-MuiStep-root"[39m
          [36m>[39m
            [36m<div[39m
              [33mclass[39m=[32m"MuiStepConnector-root MuiStepConnector-horizontal 
MuiStepConnector-alternativeLabel Mui-disabled css-1k81fv-MuiStepConnector-root"[39m
            [36m>[39m
              [36m<span[39m
                [33mclass[39m=[32m"MuiStepConnector-line MuiStepConnector-lineHorizontal 
css-14ncu80-MuiStepConnector-line"[39m
              [36m/>[39m
            [36m</div>[39m
            [36m<span[39m
              [33mclass[39m=[32m"MuiStepLabel-root MuiStepLabel-horizontal Mui-disabled 
MuiStepLabel-alternativeLabel css-1di4dai-MuiStepLabel-root"[39m
            [36m>[39m
              [36m<span[39m
                [33mclass[39m=[32m"MuiStepLabel-iconContainer Mui-disabled MuiStepLabel-alternativeLabel 
css-1b2ju2j-MuiStepLabel-iconContainer"[39m
              [36m>[39m
                [36m<svg[39m
                  [33maria-hidden[39m=[32m"true"[39m
                  [33mclass[39m=[32m"MuiSvgIcon-root MuiSvgIcon-fontSizeMedium MuiStepIcon-root 
css-3hpdci-MuiSvgIcon-root-MuiStepIcon-root"[39m
                  [33mfocusable[39m=[32m"false"[39m
                  [33mviewBox[39m=[32m"0 0 24 24"[39m
                [36m>[39m
                  [36m<circle[39m
                    [33mcx[39m=[32m"12"[39m
                    [33mcy[39m=[32m"12"[39m
                    [33mr[39m=[32m"12"[39m
                  [36m/>[39m
                  [36m<text[39m
                    [33mclass[39m=[32m"MuiStepIcon-text css-1g86afo-MuiStepIcon-text"[39m
                    [33mdominant-baseline[39m=[32m"central"[39m
                    [33mtext-anchor[39m=[32m"middle"[39m
                    [33mx[39m=[32m"12"[39m
                    [33my[39m=[32m"12"[39m
                  [36m>[39m
                    [0m2[0m
                  [36m</text>[39m
                [36m</svg>[39m
              [36m</span>[39m
              [36m<span[39m
                [33mclass[39m=[32m"MuiSt...
 ❯ Object.getElementError node_modules/@testing-library/dom/dist/config.js:37:19
 ❯ getAllByLabelText node_modules/@testing-library/dom/dist/queries/label-text.js:108:40
 ❯ node_modules/@testing-library/dom/dist/query-helpers.js:52:17
 ❯ node_modules/@testing-library/dom/dist/query-helpers.js:95:19
 ❯ src/pages/families/registration/FamilyRegistrationWizardPage.test.tsx:87:19
     85|     expect(await screen.findAllByText(/required/i)).not.toHaveLength(0…
     86|     // Still on step 1 - its own field should still be visible (a step…
     87|     expect(screen.getByLabelText(/^First Name/i)).toBeInTheDocument();
       |                   ^
     88|   });
     89|

⎯⎯⎯⎯⎯⎯⎯⎯⎯⎯⎯⎯⎯⎯⎯⎯⎯⎯⎯⎯⎯⎯⎯⎯[1/3]⎯

 FAIL  src/pages/families/registration/FamilyRegistrationWizardPage.test.tsx > FamilyRegistrationWizardPage > saves a 
draft to localStorage and restores it on the next mount
TestingLibraryElementError: Found a label with the text of: /^First Name/i, however no form control was found 
associated to that label. Make sure you're using the "for" attribute or "aria-labelledby" attribute correctly.

Ignored nodes: comments, script, style
[36m<body>[39m
  [36m<div>[39m
    [36m<div[39m
      [33mclass[39m=[32m"MuiBox-root css-ok9oyw"[39m
    [36m>[39m
      [36m<div[39m
        [33mclass[39m=[32m"MuiBox-root css-y8412e"[39m
      [36m>[39m
        [36m<div[39m
          [33mclass[39m=[32m"MuiStack-root css-1irh47u-MuiStack-root"[39m
        [36m>[39m
          [36m<div[39m
            [33mclass[39m=[32m"MuiBox-root css-1ukuk2c"[39m
          [36m>[39m
            [0mA[0m
          [36m</div>[39m
          [36m<div[39m
            [33mclass[39m=[32m"MuiBox-root css-0"[39m
          [36m>[39m
            [36m<h5[39m
              [33mclass[39m=[32m"MuiTypography-root MuiTypography-h5 css-kwxs7k-MuiTypography-root"[39m
            [36m>[39m
              [0mAgrawalPulse[0m
            [36m</h5>[39m
            [36m<span[39m
              [33mclass[39m=[32m"MuiTypography-root MuiTypography-caption css-ddayen-MuiTypography-root"[39m
            [36m>[39m
              [0mcommon.communityPortal[0m
            [36m</span>[39m
          [36m</div>[39m
        [36m</div>[39m
      [36m</div>[39m
      [36m<div[39m
        [33mclass[39m=[32m"MuiBox-root css-kvhxa9"[39m
      [36m>[39m
        [36m<div[39m
          [33mclass[39m=[32m"MuiBox-root css-1yjvs5a"[39m
        [36m>[39m
          [36m<div[39m
            [33mclass[39m=[32m"MuiBox-root css-pcqfzb"[39m
          [36m>[39m
            [36m<span[39m
              [33mclass[39m=[32m"MuiTypography-root MuiTypography-caption css-14s5nfq-MuiTypography-root"[39m
            [36m>[39m
              [0mcommon.step[0m
              [0m [0m
              [0m1[0m
              [0m [0m
              [0mcommon.of[0m
              [0m [0m
              [0m4[0m
            [36m</span>[39m
            [36m<span[39m
              [33mclass[39m=[32m"MuiTypography-root MuiTypography-caption css-fp9wq2-MuiTypography-root"[39m
            [36m>[39m
              [0mBasic Information[0m
            [36m</span>[39m
          [36m</div>[39m
          [36m<div[39m
            [33mclass[39m=[32m"MuiBox-root css-onp8mn"[39m
          [36m>[39m
            [36m<div[39m
              [33mclass[39m=[32m"MuiBox-root css-ogw9tu"[39m
            [36m/>[39m
          [36m</div>[39m
        [36m</div>[39m
        [36m<div[39m
          [33mclass[39m=[32m"MuiStepper-root MuiStepper-horizontal MuiStepper-alternativeLabel 
css-si9qyj-MuiStepper-root"[39m
        [36m>[39m
          [36m<div[39m
            [33mclass[39m=[32m"MuiStep-root MuiStep-horizontal MuiStep-alternativeLabel 
css-13sjgu-MuiStep-root"[39m
          [36m>[39m
            [36m<span[39m
              [33mclass[39m=[32m"MuiStepLabel-root MuiStepLabel-horizontal MuiStepLabel-alternativeLabel 
css-ngr9j7-MuiStepLabel-root"[39m
            [36m>[39m
              [36m<span[39m
                [33mclass[39m=[32m"MuiStepLabel-iconContainer Mui-active MuiStepLabel-alternativeLabel 
css-1b2ju2j-MuiStepLabel-iconContainer"[39m
              [36m>[39m
                [36m<svg[39m
                  [33maria-hidden[39m=[32m"true"[39m
                  [33mclass[39m=[32m"MuiSvgIcon-root MuiSvgIcon-fontSizeMedium MuiStepIcon-root Mui-active 
css-3hpdci-MuiSvgIcon-root-MuiStepIcon-root"[39m
                  [33mfocusable[39m=[32m"false"[39m
                  [33mviewBox[39m=[32m"0 0 24 24"[39m
                [36m>[39m
                  [36m<circle[39m
                    [33mcx[39m=[32m"12"[39m
                    [33mcy[39m=[32m"12"[39m
                    [33mr[39m=[32m"12"[39m
                  [36m/>[39m
                  [36m<text[39m
                    [33mclass[39m=[32m"MuiStepIcon-text css-1g86afo-MuiStepIcon-text"[39m
                    [33mdominant-baseline[39m=[32m"central"[39m
                    [33mtext-anchor[39m=[32m"middle"[39m
                    [33mx[39m=[32m"12"[39m
                    [33my[39m=[32m"12"[39m
                  [36m>[39m
                    [0m1[0m
                  [36m</text>[39m
                [36m</svg>[39m
              [36m</span>[39m
              [36m<span[39m
                [33mclass[39m=[32m"MuiStepLabel-labelContainer MuiStepLabel-alternativeLabel 
css-p8xe3-MuiStepLabel-labelContainer"[39m
              [36m>[39m
                [36m<span[39m
                  [33mclass[39m=[32m"MuiStepLabel-label Mui-active MuiStepLabel-alternativeLabel 
css-12eb3rq-MuiStepLabel-label"[39m
                [36m>[39m
                  [0mBasic Information[0m
                [36m</span>[39m
              [36m</span>[39m
            [36m</span>[39m
          [36m</div>[39m
          [36m<div[39m
            [33mclass[39m=[32m"MuiStep-root MuiStep-horizontal MuiStep-alternativeLabel 
css-13sjgu-MuiStep-root"[39m
          [36m>[39m
            [36m<div[39m
              [33mclass[39m=[32m"MuiStepConnector-root MuiStepConnector-horizontal 
MuiStepConnector-alternativeLabel Mui-disabled css-1k81fv-MuiStepConnector-root"[39m
            [36m>[39m
              [36m<span[39m
                [33mclass[39m=[32m"MuiStepConnector-line MuiStepConnector-lineHorizontal 
css-14ncu80-MuiStepConnector-line"[39m
              [36m/>[39m
            [36m</div>[39m
            [36m<span[39m
              [33mclass[39m=[32m"MuiStepLabel-root MuiStepLabel-horizontal Mui-disabled 
MuiStepLabel-alternativeLabel css-1di4dai-MuiStepLabel-root"[39m
            [36m>[39m
              [36m<span[39m
                [33mclass[39m=[32m"MuiStepLabel-iconContainer Mui-disabled MuiStepLabel-alternativeLabel 
css-1b2ju2j-MuiStepLabel-iconContainer"[39m
              [36m>[39m
                [36m<svg[39m
                  [33maria-hidden[39m=[32m"true"[39m
                  [33mclass[39m=[32m"MuiSvgIcon-root MuiSvgIcon-fontSizeMedium MuiStepIcon-root 
css-3hpdci-MuiSvgIcon-root-MuiStepIcon-root"[39m
                  [33mfocusable[39m=[32m"false"[39m
                  [33mviewBox[39m=[32m"0 0 24 24"[39m
                [36m>[39m
                  [36m<circle[39m
                    [33mcx[39m=[32m"12"[39m
                    [33mcy[39m=[32m"12"[39m
                    [33mr[39m=[32m"12"[39m
                  [36m/>[39m
                  [36m<text[39m
                    [33mclass[39m=[32m"MuiStepIcon-text css-1g86afo-MuiStepIcon-text"[39m
                    [33mdominant-baseline[39m=[32m"central"[39m
                    [33mtext-anchor[39m=[32m"middle"[39m
                    [33mx[39m=[32m"12"[39m
                    [33my[39m=[32m"12"[39m
                  [36m>[39m
                    [0m2[0m
                  [36m</text>[39m
                [36m</svg>[39m
              [36m</span>[39m
              [36m<span[39m
                [33mclass[39m=[32m"MuiSt...
 ❯ Object.getElementError node_modules/@testing-library/dom/dist/config.js:37:19
 ❯ getAllByLabelText node_modules/@testing-library/dom/dist/queries/label-text.js:108:40
 ❯ node_modules/@testing-library/dom/dist/query-helpers.js:52:17
 ❯ node_modules/@testing-library/dom/dist/query-helpers.js:95:19
 ❯ src/pages/families/registration/FamilyRegistrationWizardPage.test.tsx:94:28
     92|     const user = userEvent.setup();
     93|
     94|     await user.type(screen.getByLabelText(/^First Name/i), 'Ramesh');
       |                            ^
     95|     await user.click(screen.getByRole('button', { name: /save draft/i …
     96|     expect(await screen.findByText(/draft saved/i)).toBeInTheDocument(…

⎯⎯⎯⎯⎯⎯⎯⎯⎯⎯⎯⎯⎯⎯⎯⎯⎯⎯⎯⎯⎯⎯⎯⎯[2/3]⎯

 FAIL  src/pages/families/registration/FamilyRegistrationWizardPage.test.tsx > FamilyRegistrationWizardPage > 
completes all 4 steps and navigates to member registration once the head is registered
TestingLibraryElementError: Unable to find an element with the placeholder text of: /House No/i

Ignored nodes: comments, script, style
[36m<body[39m
  [33mstyle[39m=[32m""[39m
[36m>[39m
  [36m<div>[39m
    [36m<div[39m
      [33mclass[39m=[32m"MuiBox-root css-ok9oyw"[39m
    [36m>[39m
      [36m<div[39m
        [33mclass[39m=[32m"MuiBox-root css-y8412e"[39m
      [36m>[39m
        [36m<div[39m
          [33mclass[39m=[32m"MuiStack-root css-1irh47u-MuiStack-root"[39m
        [36m>[39m
          [36m<div[39m
            [33mclass[39m=[32m"MuiBox-root css-1ukuk2c"[39m
          [36m>[39m
            [0mA[0m
          [36m</div>[39m
          [36m<div[39m
            [33mclass[39m=[32m"MuiBox-root css-0"[39m
          [36m>[39m
            [36m<h5[39m
              [33mclass[39m=[32m"MuiTypography-root MuiTypography-h5 css-kwxs7k-MuiTypography-root"[39m
            [36m>[39m
              [0mAgrawalPulse[0m
            [36m</h5>[39m
            [36m<span[39m
              [33mclass[39m=[32m"MuiTypography-root MuiTypography-caption css-ddayen-MuiTypography-root"[39m
            [36m>[39m
              [0mcommon.communityPortal[0m
            [36m</span>[39m
          [36m</div>[39m
        [36m</div>[39m
      [36m</div>[39m
      [36m<div[39m
        [33mclass[39m=[32m"MuiBox-root css-kvhxa9"[39m
      [36m>[39m
        [36m<div[39m
          [33mclass[39m=[32m"MuiBox-root css-1yjvs5a"[39m
        [36m>[39m
          [36m<div[39m
            [33mclass[39m=[32m"MuiBox-root css-pcqfzb"[39m
          [36m>[39m
            [36m<span[39m
              [33mclass[39m=[32m"MuiTypography-root MuiTypography-caption css-14s5nfq-MuiTypography-root"[39m
            [36m>[39m
              [0mcommon.step[0m
              [0m [0m
              [0m1[0m
              [0m [0m
              [0mcommon.of[0m
              [0m [0m
              [0m4[0m
            [36m</span>[39m
            [36m<span[39m
              [33mclass[39m=[32m"MuiTypography-root MuiTypography-caption css-fp9wq2-MuiTypography-root"[39m
            [36m>[39m
              [0mBasic Information[0m
            [36m</span>[39m
          [36m</div>[39m
          [36m<div[39m
            [33mclass[39m=[32m"MuiBox-root css-onp8mn"[39m
          [36m>[39m
            [36m<div[39m
              [33mclass[39m=[32m"MuiBox-root css-ogw9tu"[39m
            [36m/>[39m
          [36m</div>[39m
        [36m</div>[39m
        [36m<div[39m
          [33mclass[39m=[32m"MuiStepper-root MuiStepper-horizontal MuiStepper-alternativeLabel 
css-si9qyj-MuiStepper-root"[39m
        [36m>[39m
          [36m<div[39m
            [33mclass[39m=[32m"MuiStep-root MuiStep-horizontal MuiStep-alternativeLabel 
css-13sjgu-MuiStep-root"[39m
          [36m>[39m
            [36m<span[39m
              [33mclass[39m=[32m"MuiStepLabel-root MuiStepLabel-horizontal MuiStepLabel-alternativeLabel 
css-ngr9j7-MuiStepLabel-root"[39m

 Test Files  1 failed | 3 passed (4)
      Tests  3 failed | 10 passed (13)
   Start at  21:00:26
   Duration  19.26s (transform 1.76s, setup 4.65s, import 12.53s, tests 18.58s, environment 10.10s)

            [36m>[39m
              [36m<span[39m
                [33mclass[39m=[32m"MuiStepLabel-iconContainer Mui-active MuiStepLabel-alternativeLabel 
css-1b2ju2j-MuiStepLabel-iconContainer"[39m
              [36m>[39m
                [36m<svg[39m
                  [33maria-hidden[39m=[32m"true"[39m
                  [33mclass[39m=[32m"MuiSvgIcon-root MuiSvgIcon-fontSizeMedium MuiStepIcon-root Mui-active 
css-3hpdci-MuiSvgIcon-root-MuiStepIcon-root"[39m
                  [33mfocusable[39m=[32m"false"[39m
                  [33mviewBox[39m=[32m"0 0 24 24"[39m
                [36m>[39m
                  [36m<circle[39m
                    [33mcx[39m=[32m"12"[39m
                    [33mcy[39m=[32m"12"[39m
                    [33mr[39m=[32m"12"[39m
                  [36m/>[39m
                  [36m<text[39m
                    [33mclass[39m=[32m"MuiStepIcon-text css-1g86afo-MuiStepIcon-text"[39m
                    [33mdominant-baseline[39m=[32m"central"[39m
                    [33mtext-anchor[39m=[32m"middle"[39m
                    [33mx[39m=[32m"12"[39m
                    [33my[39m=[32m"12"[39m
                  [36m>[39m
                    [0m1[0m
                  [36m</text>[39m
                [36m</svg>[39m
              [36m</span>[39m
              [36m<span[39m
                [33mclass[39m=[32m"MuiStepLabel-labelContainer MuiStepLabel-alternativeLabel 
css-p8xe3-MuiStepLabel-labelContainer"[39m
              [36m>[39m
                [36m<span[39m
                  [33mclass[39m=[32m"MuiStepLabel-label Mui-active MuiStepLabel-alternativeLabel 
css-12eb3rq-MuiStepLabel-label"[39m
                [36m>[39m
                  [0mBasic Information[0m
                [36m</span>[39m
              [36m</span>[39m
            [36m</span>[39m
          [36m</div>[39m
          [36m<div[39m
            [33mclass[39m=[32m"MuiStep-root MuiStep-horizontal MuiStep-alternativeLabel 
css-13sjgu-MuiStep-root"[39m
          [36m>[39m
            [36m<div[39m
              [33mclass[39m=[32m"MuiStepConnector-root MuiStepConnector-horizontal 
MuiStepConnector-alternativeLabel Mui-disabled css-1k81fv-MuiStepConnector-root"[39m
            [36m>[39m
              [36m<span[39m
                [33mclass[39m=[32m"MuiStepConnector-line MuiStepConnector-lineHorizontal 
css-14ncu80-MuiStepConnector-line"[39m
              [36m/>[39m
            [36m</div>[39m
            [36m<span[39m
              [33mclass[39m=[32m"MuiStepLabel-root MuiStepLabel-horizontal Mui-disabled 
MuiStepLabel-alternativeLabel css-1di4dai-MuiStepLabel-root"[39m
            [36m>[39m
              [36m<span[39m
                [33mclass[39m=[32m"MuiStepLabel-iconContainer Mui-disabled MuiStepLabel-alternativeLabel 
css-1b2ju2j-MuiStepLabel-iconContainer"[39m
              [36m>[39m
                [36m<svg[39m
                  [33maria-hidden[39m=[32m"true"[39m
                  [33mclass[39m=[32m"MuiSvgIcon-root MuiSvgIcon-fontSizeMedium MuiStepIcon-root 
css-3hpdci-MuiSvgIcon-root-MuiStepIcon-root"[39m
                  [33mfocusable[39m=[32m"false"[39m
                  [33mviewBox[39m=[32m"0 0 24 24"[39m
                [36m>[39m
                  [36m<circle[39m
                    [33mcx[39m=[32m"12"[39m
                    [33mcy[39m=[32m"12"[39m
                    [33mr[39m=[32m"12"[39m
                  [36m/>[39m
                  [36m<text[39m
                    [33mclass[39m=[32m"MuiStepIcon-text css-1g86afo-MuiStepIcon-text"[39m
                    [33mdominant-baseline[39m=[32m"central"[39m
                    [33mtext-anchor[39m=[32m"middle"[39m
                    [33mx[39m=[32m"12"[39m
                    [33my[39m=[32m"12"[39m
                  [36m>[39m
                    [0m2[0m
                  [36m</text>[39m
                [36m</svg>[39m
              [36m</span>[39m
              [36m<span[39m
 ...
 ❯ Object.getElementError node_modules/@testing-library/dom/dist/config.js:37:19
 ❯ node_modules/@testing-library/dom/dist/query-helpers.js:76:38
 ❯ node_modules/@testing-library/dom/dist/query-helpers.js:52:17
 ❯ node_modules/@testing-library/dom/dist/query-helpers.js:95:19
 ❯ fillAddressStep src/pages/families/registration/FamilyRegistrationWizardPage.test.tsx:53:31
     51| async function fillAddressStep(user: UserEvent) {
     52|   // Find and fill address textarea by placeholder
     53|   const addressInput = screen.getByPlaceholderText(/House No/i);
       |                               ^
     54|   await user.type(addressInput, '12 MG Road');
     55|
 ❯ src/pages/families/registration/FamilyRegistrationWizardPage.test.tsx:112:11

⎯⎯⎯⎯⎯⎯⎯⎯⎯⎯⎯⎯⎯⎯⎯⎯⎯⎯⎯⎯⎯⎯⎯⎯[3/3]⎯

